<html>
<body>
<pre>
<h1>µVision Build Log</h1>
<h2>Project:</h2>
D:\STM32 project\Car\MDK-ARM\Car.uvproj
Project File Date:  02/24/2024

<h2>Output:</h2>
Build target 'Car'
assembling startup_stm32f103xb.s...
linking...
Program Size: Code=7248 RO-data=312 RW-data=32 ZI-data=1808  
FromELF: creating hex file...
"Car\Car.axf" - 0 Errors, 0 Warning(s).
Load "Car\\Car.axf" 
Full Chip Erase Done.
Programming Done.
Verify OK.
Application running ...
Build target 'Car'
compiling car.c...
linking...
Program Size: Code=7240 RO-data=312 RW-data=32 ZI-data=1808  
FromELF: creating hex file...
"Car\Car.axf" - 0 Errors, 0 Warning(s).
Load "Car\\Car.axf" 
Full Chip Erase Done.
Programming Done.
Verify OK.
Application running ...
Build target 'Car'
compiling car.c...
linking...
Program Size: Code=7260 RO-data=312 RW-data=32 ZI-data=1808  
FromELF: creating hex file...
"Car\Car.axf" - 0 Errors, 0 Warning(s).
Load "Car\\Car.axf" 
Full Chip Erase Done.
Programming Done.
Verify OK.
Application running ...
compiling motor.c...
"..\Lib\motor.c" - 0 Errors, 0 Warning(s).
Build target 'Car'
linking...
Program Size: Code=7260 RO-data=312 RW-data=32 ZI-data=1808  
FromELF: creating hex file...
"Car\Car.axf" - 0 Errors, 0 Warning(s).
Load "Car\\Car.axf" 
Full Chip Erase Done.
Programming Done.
Verify OK.
Application running ...
Build target 'Car'
linking...
Program Size: Code=7260 RO-data=312 RW-data=32 ZI-data=1808  
FromELF: creating hex file...
"Car\Car.axf" - 0 Errors, 0 Warning(s).
Load "Car\\Car.axf" 
Full Chip Erase Done.
Programming Done.
Verify OK.
Application running ...
Build target 'Car'
linking...
Program Size: Code=7260 RO-data=312 RW-data=32 ZI-data=1808  
FromELF: creating hex file...
"Car\Car.axf" - 0 Errors, 0 Warning(s).
Load "Car\\Car.axf" 
Full Chip Erase Done.
Programming Done.
Verify OK.
Application running ...
Build target 'Car'
linking...
Program Size: Code=7260 RO-data=312 RW-data=32 ZI-data=1808  
FromELF: creating hex file...
"Car\Car.axf" - 0 Errors, 0 Warning(s).
Load "Car\\Car.axf" 
Full Chip Erase Done.
Programming Done.
Verify OK.
Application running ...
Build target 'Car'
linking...
Program Size: Code=7260 RO-data=312 RW-data=32 ZI-data=1808  
FromELF: creating hex file...
"Car\Car.axf" - 0 Errors, 0 Warning(s).
Load "Car\\Car.axf" 
Full Chip Erase Done.
Programming Done.
Verify OK.
Application running ...
Rebuild target 'Car'
assembling startup_stm32f103xb.s...
compiling main.c...
compiling stm32f1xx_it.c...
compiling stm32f1xx_hal_msp.c...
compiling stm32f1xx_hal_gpio_ex.c...
compiling stm32f1xx_hal_tim.c...
compiling stm32f1xx_hal_tim_ex.c...
compiling stm32f1xx_hal.c...
compiling stm32f1xx_hal_rcc.c...
compiling stm32f1xx_hal_rcc_ex.c...
compiling stm32f1xx_hal_gpio.c...
compiling stm32f1xx_hal_dma.c...
compiling stm32f1xx_hal_cortex.c...
compiling stm32f1xx_hal_pwr.c...
compiling stm32f1xx_hal_flash.c...
compiling stm32f1xx_hal_flash_ex.c...
compiling stm32f1xx_hal_exti.c...
compiling stm32f1xx_hal_uart.c...
compiling system_stm32f1xx.c...
compiling motor.c...
compiling car.c...
linking...
Program Size: Code=7260 RO-data=312 RW-data=32 ZI-data=1808  
FromELF: creating hex file...
"Car\Car.axf" - 0 Errors, 0 Warning(s).
Build target 'Car'
linking...
Program Size: Code=7260 RO-data=312 RW-data=32 ZI-data=1808  
FromELF: creating hex file...
"Car\Car.axf" - 0 Errors, 0 Warning(s).
Load "Car\\Car.axf" 
Full Chip Erase Done.
Programming Done.
Verify OK.
Application running ...
Load "Car\\Car.axf" 
Full Chip Erase Done.
Programming Done.
Verify OK.
Application running ...
Build target 'Car'
compiling car.c...
linking...
Program Size: Code=7240 RO-data=312 RW-data=32 ZI-data=1808  
FromELF: creating hex file...
"Car\Car.axf" - 0 Errors, 0 Warning(s).
Load "Car\\Car.axf" 
Full Chip Erase Done.
Programming Done.
Verify OK.
Application running ...
Build target 'Car'
compiling car.c...
linking...
Program Size: Code=7248 RO-data=312 RW-data=32 ZI-data=1808  
FromELF: creating hex file...
"Car\Car.axf" - 0 Errors, 0 Warning(s).
Load "Car\\Car.axf" 
Full Chip Erase Done.
Programming Done.
Verify OK.
Application running ...
Build target 'Car'
compiling car.c...
linking...
Program Size: Code=7240 RO-data=312 RW-data=32 ZI-data=1808  
FromELF: creating hex file...
"Car\Car.axf" - 0 Errors, 0 Warning(s).
Load "Car\\Car.axf" 
Full Chip Erase Done.
Programming Done.
Verify OK.
Application running ...
Build target 'Car'
compiling car.c...
linking...
Program Size: Code=7256 RO-data=312 RW-data=32 ZI-data=1808  
FromELF: creating hex file...
"Car\Car.axf" - 0 Errors, 0 Warning(s).
Load "Car\\Car.axf" 
Full Chip Erase Done.
Programming Done.
Verify OK.
Application running ...
Build target 'Car'
compiling main.c...
linking...
Program Size: Code=7256 RO-data=312 RW-data=32 ZI-data=1808  
FromELF: creating hex file...
"Car\Car.axf" - 0 Errors, 0 Warning(s).
Load "Car\\Car.axf" 
Full Chip Erase Done.
Programming Done.
Verify OK.
Application running ...
Build target 'Car'
compiling main.c...
linking...
Program Size: Code=7256 RO-data=312 RW-data=32 ZI-data=1808  
FromELF: creating hex file...
"Car\Car.axf" - 0 Errors, 0 Warning(s).
Load "Car\\Car.axf" 
Full Chip Erase Done.
Programming Done.
Verify OK.
Application running ...
